Building Hello
Compiling Hello
Linking hello
Building Hello
Compiling Hello
Building Main
Linking hello
